// Jest Snapshot v1, https://goo.gl/fbAQLP

exports[`<Categoria /> snapshot 1`] = `
<div
  className="sc-bdnylx dTyNcz"
>
  <div
    className="sc-gtssRu efuwky"
  >
    <div
      className="sc-dlnjPT eddDRN"
    >
      Categor√≠as
    </div>
    <a
      className="categorias-row a-button"
      href="/categorias"
      onClick={[Function]}
    >
      Frutas
    </a>
    <a
      className="categorias-row a-button"
      href="/categorias"
      onClick={[Function]}
    >
      Verduras
    </a>
    <a
      className="categorias-row a-button"
      href="/categorias"
      onClick={[Function]}
    >
      Legumbres
    </a>
    <a
      className="categorias-row a-button"
      href="/categorias"
      onClick={[Function]}
    >
      Hortalizas
    </a>
  </div>
</div>
`;
